// Jest Snapshot v1, https://goo.gl/fbAQLP

exports[`LogoText component tests Given a default LogoText Then should be the same as the snapshot 1`] = `
<div
  data-testid="logo-text"
>
  <p>
    90
  </p>
  <p>
    272
  </p>
</div>
`;
