// Jest Snapshot v1, https://goo.gl/fbAQLP

exports[`PageNotFound coponent tests Given render a component with custom props Then should display the right placeholder value 1`] = `
<p>
  Place Holder
</p>
`;

exports[`PageNotFound coponent tests Given render a simple component Then get the same snapshot 1`] = `
<p
  class="MuiTypography-root MuiTypography-body2 css-up49h5-MuiTypography-root"
>
  Â© 2022 Reactive Analytics
</p>
`;
